============================= test session starts =============================
platform win32 -- Python 3.14.3, pytest-7.4.0, pluggy-1.6.0
rootdir: C:\Users\dwrzesinski\Desktop\Projects\OpenNetMap
configfile: pytest.ini
testpaths: tests
plugins: anyio-4.14.0, mock-3.12.0
collected 27 items

tests\test_api.py ....                                                   [ 14%]
tests\test_inventory.py ........                                         [ 44%]
tests\test_main.py ....                                                  [ 59%]
tests\test_network_utils.py ..                                           [ 66%]
tests\test_reports.py ...                                                [ 77%]
tests\test_smoke.py .                                                    [ 81%]
tests\test_store.py .                                                    [ 85%]
tests\test_topology.py F.FF                                              [100%]

================================== FAILURES ===================================
__________ test_build_topology_contains_network_root_and_device_node __________

    def test_build_topology_contains_network_root_and_device_node():
        device = Device(ip="192.168.0.10", mac="aa:bb:cc:dd:ee:ff", hostname="printer")
>       topology = build_topology([device], subnet="192.168.0.0/24")
E       TypeError: build_topology() got an unexpected keyword argument 'subnet'

tests\test_topology.py:11: TypeError
________________ test_build_topology_includes_gateway_and_vlan ________________

    def test_build_topology_includes_gateway_and_vlan():
        devices = [
            Device(ip="192.168.0.1", mac="aa:bb:cc:dd:ee:01", hostname="gateway", device_type="router", discovery_methods=["snmp"]),
            Device(ip="192.168.0.10", mac="aa:bb:cc:dd:ee:10", hostname="switch1", device_type="switch", discovery_methods=["lldp"], snmp_info={"vlan": 100}),
            Device(ip="192.168.0.20", mac="aa:bb:cc:dd:ee:20", hostname="host1", device_type="host", discovery_methods=["arp"]),
        ]
        topology = build_topology(devices, {"subnet": "192.168.0.0/24", "gateway": "192.168.0.1"})
    
        assert isinstance(topology, dict)
        assert any(node["type"] == "network" for node in topology["nodes"])
        assert any(node["id"] == "aa:bb:cc:dd:ee:01|192.168.0.1" for node in topology["nodes"])
        assert any(edge["relationship"] == "DEFAULT_GATEWAY" for edge in topology["edges"])
>       assert any(edge["relationship"] == "MEMBER_OF_VLAN" for edge in topology["edges"])
E       assert False
E        +  where False = any(<generator object test_build_topology_includes_gateway_and_vlan.<locals>.<genexpr> at 0x000002052E219CB0>)

tests\test_topology.py:52: AssertionError
________________ test_diff_topology_detects_added_and_removed _________________

    def test_diff_topology_detects_added_and_removed():
        previous = {
            "nodes": [{"id": "network", "label": "network", "type": "network"}],
            "edges": [],
        }
        current = {
            "nodes": [
                {"id": "network", "label": "network", "type": "network"},
                {"id": "device1", "label": "device1", "type": "host"},
            ],
            "edges": [{"source": "network", "target": "device1", "relationship": "CONNECTED_TO"}],
        }
    
>       changes = diff_topology(previous, current)
E       NameError: name 'diff_topology' is not defined

tests\test_topology.py:68: NameError
=========================== short test summary info ===========================
FAILED tests/test_topology.py::test_build_topology_contains_network_root_and_device_node
FAILED tests/test_topology.py::test_build_topology_includes_gateway_and_vlan
FAILED tests/test_topology.py::test_diff_topology_detects_added_and_removed
======================== 3 failed, 24 passed in 1.67s =========================
